mode: atomic
github.com/walletservice/internal/domain/wallet.go:55.42,57.2 1 11
github.com/walletservice/internal/domain/wallet.go:61.41,63.2 1 5
github.com/walletservice/internal/service/wallet_service.go:57.17,63.2 1 20
github.com/walletservice/internal/service/wallet_service.go:66.73,69.2 2 53
github.com/walletservice/internal/service/wallet_service.go:73.56,75.2 1 36
github.com/walletservice/internal/service/wallet_service.go:77.108,78.24 1 22
github.com/walletservice/internal/service/wallet_service.go:78.24,81.3 2 1
github.com/walletservice/internal/service/wallet_service.go:83.2,92.57 3 21
github.com/walletservice/internal/service/wallet_service.go:92.57,99.3 2 1
github.com/walletservice/internal/service/wallet_service.go:101.2,105.20 2 20
github.com/walletservice/internal/service/wallet_service.go:108.121,109.22 1 19
github.com/walletservice/internal/service/wallet_service.go:109.22,115.3 2 2
github.com/walletservice/internal/service/wallet_service.go:118.2,123.16 5 17
github.com/walletservice/internal/service/wallet_service.go:123.16,129.3 2 2
github.com/walletservice/internal/service/wallet_service.go:131.2,132.78 2 15
github.com/walletservice/internal/service/wallet_service.go:132.78,139.3 2 1
github.com/walletservice/internal/service/wallet_service.go:141.2,151.51 2 14
github.com/walletservice/internal/service/wallet_service.go:151.51,158.87 2 1
github.com/walletservice/internal/service/wallet_service.go:158.87,164.4 1 0
github.com/walletservice/internal/service/wallet_service.go:165.3,165.62 1 1
github.com/walletservice/internal/service/wallet_service.go:168.2,174.17 2 13
github.com/walletservice/internal/service/wallet_service.go:177.151,178.26 1 39
github.com/walletservice/internal/service/wallet_service.go:178.26,183.3 2 1
github.com/walletservice/internal/service/wallet_service.go:185.2,185.22 1 38
github.com/walletservice/internal/service/wallet_service.go:185.22,192.3 2 2
github.com/walletservice/internal/service/wallet_service.go:198.2,206.16 6 36
github.com/walletservice/internal/service/wallet_service.go:206.16,213.3 2 1
github.com/walletservice/internal/service/wallet_service.go:214.2,214.11 1 35
github.com/walletservice/internal/service/wallet_service.go:214.11,220.3 2 10
github.com/walletservice/internal/service/wallet_service.go:222.2,223.16 2 25
github.com/walletservice/internal/service/wallet_service.go:223.16,230.3 2 2
github.com/walletservice/internal/service/wallet_service.go:232.2,232.34 1 23
github.com/walletservice/internal/service/wallet_service.go:232.34,240.3 2 7
github.com/walletservice/internal/service/wallet_service.go:242.2,243.78 2 16
github.com/walletservice/internal/service/wallet_service.go:243.78,251.3 2 1
github.com/walletservice/internal/service/wallet_service.go:253.2,263.51 2 15
github.com/walletservice/internal/service/wallet_service.go:263.51,271.87 2 1
github.com/walletservice/internal/service/wallet_service.go:271.87,277.4 1 0
github.com/walletservice/internal/service/wallet_service.go:278.3,278.70 1 1
github.com/walletservice/internal/service/wallet_service.go:283.2,288.74 2 14
github.com/walletservice/internal/service/wallet_service.go:288.74,296.3 1 1
github.com/walletservice/internal/service/wallet_service.go:298.2,305.24 2 14
github.com/walletservice/internal/service/wallet_service.go:308.93,310.16 2 13
github.com/walletservice/internal/service/wallet_service.go:310.16,316.3 2 2
github.com/walletservice/internal/service/wallet_service.go:318.2,322.28 2 11
github.com/walletservice/internal/service/wallet_service.go:325.113,327.63 1 5
github.com/walletservice/internal/service/wallet_service.go:327.63,333.3 2 2
github.com/walletservice/internal/service/wallet_service.go:335.2,336.16 2 3
github.com/walletservice/internal/service/wallet_service.go:336.16,342.3 2 1
github.com/walletservice/internal/service/wallet_service.go:344.2,348.18 2 2
github.com/walletservice/cmd/api/main.go:21.13,33.16 4 0
github.com/walletservice/cmd/api/main.go:33.16,35.3 1 0
github.com/walletservice/cmd/api/main.go:39.2,62.12 8 0
github.com/walletservice/cmd/api/main.go:62.12,67.77 2 0
github.com/walletservice/cmd/api/main.go:67.77,72.4 2 0
github.com/walletservice/cmd/api/main.go:76.2,85.42 7 0
github.com/walletservice/cmd/api/main.go:85.42,90.3 2 0
github.com/walletservice/cmd/api/main.go:92.2,92.39 1 0
github.com/walletservice/cmd/orderstub/main.go:31.13,33.19 2 0
github.com/walletservice/cmd/orderstub/main.go:33.19,35.3 1 0
github.com/walletservice/cmd/orderstub/main.go:37.2,57.26 13 0
github.com/walletservice/cmd/orderstub/main.go:57.26,61.14 4 0
github.com/walletservice/cmd/orderstub/main.go:61.14,63.4 1 0
github.com/walletservice/cmd/orderstub/main.go:63.9,65.4 1 0
github.com/walletservice/cmd/orderstub/main.go:67.2,77.13 7 0
github.com/walletservice/cmd/orderstub/main.go:77.13,79.3 1 0
github.com/walletservice/cmd/orderstub/main.go:79.8,81.3 1 0
github.com/walletservice/cmd/orderstub/main.go:82.2,93.35 8 0
github.com/walletservice/cmd/orderstub/main.go:93.35,95.3 1 0
github.com/walletservice/cmd/orderstub/main.go:95.8,97.3 1 0
github.com/walletservice/cmd/orderstub/main.go:98.2,104.54 4 0
github.com/walletservice/cmd/orderstub/main.go:109.48,112.16 3 0
github.com/walletservice/cmd/orderstub/main.go:112.16,114.3 1 0
github.com/walletservice/cmd/orderstub/main.go:115.2,119.16 3 0
github.com/walletservice/cmd/orderstub/main.go:119.16,121.3 1 0
github.com/walletservice/cmd/orderstub/main.go:123.2,123.43 1 0
github.com/walletservice/cmd/orderstub/main.go:123.43,125.3 1 0
github.com/walletservice/cmd/orderstub/main.go:127.2,128.58 2 0
github.com/walletservice/cmd/orderstub/main.go:128.58,130.3 1 0
github.com/walletservice/cmd/orderstub/main.go:132.2,133.9 2 0
github.com/walletservice/cmd/orderstub/main.go:133.9,135.3 1 0
github.com/walletservice/cmd/orderstub/main.go:136.2,136.11 1 0
github.com/walletservice/cmd/orderstub/main.go:139.54,142.16 3 0
github.com/walletservice/cmd/orderstub/main.go:142.16,144.3 1 0
github.com/walletservice/cmd/orderstub/main.go:145.2,147.38 2 0
github.com/walletservice/cmd/orderstub/main.go:147.38,150.3 2 0
github.com/walletservice/cmd/orderstub/main.go:153.51,155.16 2 0
github.com/walletservice/cmd/orderstub/main.go:155.16,157.3 1 0
github.com/walletservice/cmd/orderstub/main.go:158.2,161.67 3 0
github.com/walletservice/cmd/orderstub/main.go:161.67,163.3 1 0
github.com/walletservice/cmd/orderstub/main.go:165.2,166.9 2 0
github.com/walletservice/cmd/orderstub/main.go:166.9,168.3 1 0
github.com/walletservice/cmd/orderstub/main.go:169.2,169.16 1 0
github.com/walletservice/cmd/orderstub/main.go:172.57,176.16 3 0
github.com/walletservice/cmd/orderstub/main.go:176.16,178.3 1 0
github.com/walletservice/cmd/orderstub/main.go:179.2,183.16 4 0
github.com/walletservice/cmd/orderstub/main.go:183.16,185.3 1 0
github.com/walletservice/cmd/orderstub/main.go:186.2,189.41 3 0
github.com/walletservice/cmd/orderstub/main.go:192.50,194.16 2 0
github.com/walletservice/cmd/orderstub/main.go:194.16,196.3 1 0
github.com/walletservice/cmd/orderstub/main.go:197.2,200.65 3 0
github.com/walletservice/cmd/orderstub/main.go:200.65,202.3 1 0
github.com/walletservice/cmd/orderstub/main.go:204.2,206.27 3 0
github.com/walletservice/cmd/orderstub/main.go:206.27,213.25 6 0
github.com/walletservice/cmd/orderstub/main.go:213.25,215.4 1 0
github.com/walletservice/cmd/orderstub/main.go:216.3,216.87 1 0
github.com/walletservice/internal/storage/memory/idempotency_store.go:18.46,22.2 1 1
github.com/walletservice/internal/storage/memory/idempotency_store.go:26.104,31.13 4 7
github.com/walletservice/internal/storage/memory/idempotency_store.go:31.13,33.3 1 1
github.com/walletservice/internal/storage/memory/idempotency_store.go:36.2,37.23 2 6
github.com/walletservice/internal/storage/memory/idempotency_store.go:41.103,48.2 5 6
github.com/walletservice/internal/storage/memory/transaction_store.go:18.46,22.2 1 3
github.com/walletservice/internal/storage/memory/transaction_store.go:25.85,31.2 4 7
github.com/walletservice/internal/storage/memory/transaction_store.go:35.108,40.13 4 7
github.com/walletservice/internal/storage/memory/transaction_store.go:40.13,42.3 1 1
github.com/walletservice/internal/storage/memory/transaction_store.go:45.2,47.20 3 6
github.com/walletservice/internal/storage/memory/wallet_store.go:21.36,25.2 1 4
github.com/walletservice/internal/storage/memory/wallet_store.go:28.78,32.47 3 6
github.com/walletservice/internal/storage/memory/wallet_store.go:32.47,34.3 1 1
github.com/walletservice/internal/storage/memory/wallet_store.go:37.2,39.12 3 5
github.com/walletservice/internal/storage/memory/wallet_store.go:43.85,48.13 4 6
github.com/walletservice/internal/storage/memory/wallet_store.go:48.13,50.3 1 1
github.com/walletservice/internal/storage/memory/wallet_store.go:53.2,54.19 2 5
github.com/walletservice/internal/storage/memory/wallet_store.go:59.91,64.13 4 3
github.com/walletservice/internal/storage/memory/wallet_store.go:64.13,66.3 1 1
github.com/walletservice/internal/storage/memory/wallet_store.go:68.2,70.12 3 2
github.com/walletservice/internal/handler/middleware.go:7.54,8.71 1 15
github.com/walletservice/internal/handler/middleware.go:8.71,11.3 2 45
github.com/walletservice/internal/handler/router.go:12.43,23.64 7 15
github.com/walletservice/internal/handler/router.go:23.64,25.3 1 1
github.com/walletservice/internal/handler/router.go:28.2,28.41 1 15
github.com/walletservice/internal/handler/router.go:28.41,31.39 2 15
github.com/walletservice/internal/handler/router.go:31.39,36.4 4 15
github.com/walletservice/internal/handler/router.go:39.2,39.10 1 15
github.com/walletservice/internal/handler/wallet_handler.go:20.64,21.17 1 20
github.com/walletservice/internal/handler/wallet_handler.go:21.17,23.3 1 4
github.com/walletservice/internal/handler/wallet_handler.go:26.2,26.56 1 16
github.com/walletservice/internal/handler/wallet_handler.go:26.56,28.3 1 2
github.com/walletservice/internal/handler/wallet_handler.go:29.2,30.16 2 14
github.com/walletservice/internal/handler/wallet_handler.go:30.16,32.3 1 0
github.com/walletservice/internal/handler/wallet_handler.go:33.2,33.24 1 14
github.com/walletservice/internal/handler/wallet_handler.go:108.65,110.2 1 15
github.com/walletservice/internal/handler/wallet_handler.go:113.78,115.61 2 13
github.com/walletservice/internal/handler/wallet_handler.go:115.61,121.3 3 1
github.com/walletservice/internal/handler/wallet_handler.go:123.2,124.16 2 12
github.com/walletservice/internal/handler/wallet_handler.go:124.16,127.3 2 3
github.com/walletservice/internal/handler/wallet_handler.go:129.2,141.40 3 9
github.com/walletservice/internal/handler/wallet_handler.go:145.71,149.61 3 12
github.com/walletservice/internal/handler/wallet_handler.go:149.61,156.3 3 1
github.com/walletservice/internal/handler/wallet_handler.go:158.2,159.9 2 11
github.com/walletservice/internal/handler/wallet_handler.go:159.9,167.3 3 3
github.com/walletservice/internal/handler/wallet_handler.go:169.2,170.16 2 8
github.com/walletservice/internal/handler/wallet_handler.go:170.16,173.3 2 2
github.com/walletservice/internal/handler/wallet_handler.go:175.2,184.35 3 6
github.com/walletservice/internal/handler/wallet_handler.go:188.72,192.26 3 11
github.com/walletservice/internal/handler/wallet_handler.go:192.26,198.3 3 1
github.com/walletservice/internal/handler/wallet_handler.go:200.2,201.61 2 10
github.com/walletservice/internal/handler/wallet_handler.go:201.61,209.3 3 1
github.com/walletservice/internal/handler/wallet_handler.go:211.2,212.9 2 9
github.com/walletservice/internal/handler/wallet_handler.go:212.9,221.3 3 3
github.com/walletservice/internal/handler/wallet_handler.go:223.2,224.16 2 6
github.com/walletservice/internal/handler/wallet_handler.go:224.16,227.3 2 3
github.com/walletservice/internal/handler/wallet_handler.go:229.2,229.14 1 3
github.com/walletservice/internal/handler/wallet_handler.go:229.14,239.3 4 1
github.com/walletservice/internal/handler/wallet_handler.go:241.2,251.35 3 2
github.com/walletservice/internal/handler/wallet_handler.go:255.76,259.16 3 4
github.com/walletservice/internal/handler/wallet_handler.go:259.16,262.3 2 2
github.com/walletservice/internal/handler/wallet_handler.go:264.2,269.35 2 2
github.com/walletservice/internal/handler/wallet_handler.go:273.81,277.16 3 4
github.com/walletservice/internal/handler/wallet_handler.go:277.16,280.3 2 2
github.com/walletservice/internal/handler/wallet_handler.go:282.2,283.22 2 2
github.com/walletservice/internal/handler/wallet_handler.go:283.22,285.3 1 2
github.com/walletservice/internal/handler/wallet_handler.go:287.2,287.35 1 2
github.com/walletservice/internal/handler/wallet_handler.go:292.74,302.2 1 10
github.com/walletservice/internal/handler/wallet_handler.go:304.69,307.56 3 45
github.com/walletservice/internal/handler/wallet_handler.go:307.56,311.3 1 0
github.com/walletservice/internal/handler/wallet_handler.go:314.77,320.2 2 22
github.com/walletservice/internal/handler/wallet_handler.go:323.59,324.9 1 12
github.com/walletservice/internal/handler/wallet_handler.go:325.48,326.77 1 4
github.com/walletservice/internal/handler/wallet_handler.go:327.53,328.125 1 1
github.com/walletservice/internal/handler/wallet_handler.go:329.49,330.97 1 1
github.com/walletservice/internal/handler/wallet_handler.go:331.47,332.93 1 1
github.com/walletservice/internal/handler/wallet_handler.go:333.55,334.104 1 1
github.com/walletservice/internal/handler/wallet_handler.go:335.53,336.99 1 2
github.com/walletservice/internal/handler/wallet_handler.go:337.10,341.96 2 2
